// Jest Snapshot v1, https://goo.gl/fbAQLP

exports[`#censys.v1.certificate view series 1`] = `
Object {
  "a762bf68f167f6fbdf2ab00fdefeb8b96f91335ad6b483b482dfd42c179be076": "MISC_CERT_DATA",
  "fce621c0dc1c666d03d660472f636ce91e66e96460545f0da7eb1a24873e2f70": "MISC_CERT_DATA",
}
`;
